// Jest Snapshot v1, https://goo.gl/fbAQLP

exports[`KTextArea matches snapshot 1`] = `
<div class="k-input-wrapper" placeholder="I am a placeholder" name="custom-textArea-name" id="custom-textArea-id" data-testid="custom-textArea"><textarea rows="5" cols="52" placeholder="I am a placeholder" name="custom-textArea-name" id="custom-textArea-id" data-testid="custom-textArea" class="form-control k-input style-body-lg"></textarea>
  <div class="type-sm color-black-45 float-right">
    9 / 2048
  </div>
</div>
`;
