// Jest Snapshot v1, https://goo.gl/fbAQLP

exports[`KSlideout matches snapshot 1`] = `
<div class="k-slideout">
  <!---->
  <!---->
</div>
`;
