// Jest Snapshot v1, https://goo.gl/fbAQLP

exports[`KInput matches snapshot 1`] = `
<div placeholder="I am a placeholder" name="custom-input-name" id="custom-input-id" data-testid="custom-input" class="k-input-wrapper"><input placeholder="I am a placeholder" name="custom-input-name" id="custom-input-id" data-testid="custom-input" class="form-control k-input">
  <!---->
</div>
`;
