// Jest Snapshot v1, https://goo.gl/fbAQLP

exports[`KInputSwitch matches snapshot 1`] = `
<label class="k-switch"><input type="checkbox">
  <div class="switch-control"></div>
  <!---->
  <!---->
</label>
`;
