// Jest Snapshot v1, https://goo.gl/fbAQLP

exports[`KSkeleton KSkeletonBox renders width and height 1`] = `<div class="box width-1 height-1"></div>`;

exports[`KSkeleton KSkeletonBox renders width and height 2`] = `<div class="box width-100 height-2"></div>`;

exports[`KSkeleton variants matches snapshot 1`] = `
<div class="d-flex flex-wrap w-100 opacity-0">
  <div class="skeleton-loader">
    <div class="box width-100 height-1"></div>
    <div class="box width-100 height-1"></div>
    <div class="box width-75 height-1"></div>
  </div>
</div>
`;
