// Jest Snapshot v1, https://goo.gl/fbAQLP

exports[`KMultiselect matches snapshot 1`] = `
<div id="test-target-id-1234" aria-controls="test-popover-id-1234" role="button"><button type="button" class="k-button k-multiselect-trigger has-caret medium rounded secondary has-caret">
    <!---->

    <span class="kong-icon kong-icon-chevronDown caret has-caret"><svg viewBox="0 0 20 20" fill="none" xmlns="http://www.w3.org/2000/svg">
  <title>Expand</title>
  <path d="m4.6 7 5.2 5L15 7" fill="none" stroke="#A3BBCC" stroke-width="2" stroke-linecap="round" stroke-linejoin="round"></path>
</svg>
</span></button>
  <div id="test-popover-id-1234" role="region" class="k-popover k-multiselect mt-0 mb-0 hide-caret" style="width: auto; max-width: 350px; max-height: auto; display: none;" name="fade">
    <!---->
    <div class="k-popover-content">
      <div class="k-multiselect-dropdown">
        <!---->
        <!---->
        <div class="k-multiselect-list">
          <ul role="listbox" aria-labelledby="dropdown" class="k-multiselect-menu">
            <li role="option" class="k-multiselect-item is-selected">
              Item 1
            </li>
            <li role="option" class="k-multiselect-item">
              Item 2
            </li>
          </ul>
          <div class="k-multiselect-footer"><button type="button" class="k-button k-multiselect-apply small rounded secondary" disabled="disabled">
              <!----> Apply
              <!----></button></div>
        </div>
      </div>
    </div>
    <!---->
  </div>
</div>
`;
