// Jest Snapshot v1, https://goo.gl/fbAQLP

exports[`KViewSwitcher matches snapshot 1`] = `
<button type="button" class="k-button view-switch-button small outline table paused" title="Toggle to grid view">
  <!---->
  <div class="icon">
    <div class="dots"><i></i><i></i><i></i><i></i></div>
    <div class="lines"><i></i><i></i><i></i><i></i></div>
  </div>
  <!---->
</button>
`;
