// Jest Snapshot v1, https://goo.gl/fbAQLP

exports[`KInlineEdit matches snapshot 1`] = `
<div id="editable-wrapper" class="k-inline-edit">
  <!---->
  <div id="element-content-wrapper">
    <p>text</p>
  </div>
</div>
`;
