// Jest Snapshot v1, https://goo.gl/fbAQLP

exports[`KCheckbox matches snapshot 1`] = `<label class="k-checkbox"><input type="checkbox" class="k-input float-left"><span class="float-left"></span></label>`;
