// Jest Snapshot v1, https://goo.gl/fbAQLP

exports[`KInputRadio matches snapshot 1`] = `<label class="k-radio"><input type="radio" class="k-input"> </label>`;
