// Jest Snapshot v1, https://goo.gl/fbAQLP

exports[`KTabs matches snapshot 1`] = `
<div class="k-tabs">
  <ul role="tablist" aria-label="ktabs">
    <li aria-selected="true" aria-controls="panel-0" id="pictures-tab" tabindex="0" role="tab" class="tab-item active"><a class="tab-link">Pictures</a></li>
    <li aria-selected="false" aria-controls="panel-1" id="movies-tab" tabindex="0" role="tab" class="tab-item"><a class="tab-link">Movies</a></li>
    <li aria-selected="false" aria-controls="panel-2" id="books-tab" tabindex="0" role="tab" class="tab-item"><a class="tab-link">Books</a></li>
  </ul>
  <div id="panel-0" aria-labelledby="pictures-tab" role="tabpanel" tabindex="0" class="tab-container"></div>
  <div id="panel-1" aria-labelledby="movies-tab" role="tabpanel" tabindex="0" class="tab-container">
    <!---->
  </div>
  <div id="panel-2" aria-labelledby="books-tab" role="tabpanel" tabindex="0" class="tab-container">
    <!---->
  </div>
</div>
`;
